Microchip MPLAB XC8 Compiler V2.46

Linker command line:

-W-3 \
  --edf=C:\Program Files\Microchip\xc8\v2.46\pic\dat\20240104201356_en.msgs \
  -cn -h+dist/default/debug\LAB4.X.debug.sym \
  --cmf=dist/default/debug\LAB4.X.debug.cmf -z -Q18F4550 \
  -oC:\Users\josem\AppData\Local\Temp\xcAs68c.\driver_tmp_3.o \
  --defsym=__MPLAB_BUILD=1 --fixupoverflow=error \
  -Mdist/default/debug/LAB4.X.debug.map \
  --md=C:\Users\josem\AppData\Local\Temp\xcAs68c.\driver_tmp_0.dat -E1 \
  -ver=XC8 Compiler --acfsm=1493 -ACODE=00h-07FFFh -ACONST=00h-07FFFh \
  -ASMALLCONST=0800h-08FFhx120 -AMEDIUMCONST=0800h-07FFFh -ACOMRAM=01h-05Fh \
  -AABS1=00h-07FFh -ABIGRAM=01h-07FFh -ARAM=060h-0FFh,0100h-01FFhx7 \
  -ABANK0=060h-0FFh -ABANK1=0100h-01FFh -ABANK2=0200h-02FFh \
  -ABANK3=0300h-03FFh -ABANK4=0400h-04FFh -ABANK5=0500h-05FFh \
  -ABANK6=0600h-06FFh -ABANK7=0700h-07FFh -ASFR=0F60h-0FFFh \
  -ABIGSFR=0F60h-0FFFh -ACONFIG=0300000h-030000Dh -AIDLOC=0200000h-0200007h \
  -AEEDATA=0F00000h-0F000FFh -peeprom_data=EEDATA \
  -preset_vec=00h,intcode=8h,intcodelo=18h,powerup,init -pramtop=0800h \
  -psmallconst=SMALLCONST -pmediumconst=MEDIUMCONST -pconst=CONST \
  -AFARRAM=00h-00h \
  -prdata=COMRAM,nvrram=COMRAM,nvbit=COMRAM,rbss=COMRAM,rbit=COMRAM \
  -pfarbss=FARRAM,fardata=FARRAM,nvFARRAM=FARRAM \
  -pintsave_regs=BIGRAM,bigbss=BIGRAM,bigdata=BIGRAM -pbss=RAM \
  -pidata=CODE,irdata=CODE,ibigdata=CODE,ifardata=CODE -prparam=COMRAM \
  C:\Users\josem\AppData\Local\Temp\xcAs68c.\driver_tmp_14.o \
  dist/default/debug\LAB4.X.debug.o 

Object code version is 3.11

Machine type is 18F4550



                Name                               Link     Load   Length Selector   Space Scale
C:\Users\josem\AppData\Local\Temp\xcAs68c.\driver_tmp_14.o
                init                                8FC      8FC        4        C       0
                reset_vec                             0        0        4        0       0
dist/default/debug\LAB4.X.debug.o
                intcodelo                            18       18      8E4        C       0
                intcode                               8        8        6        4       0
                temp                                 4D       4D        1        1       1
                mediumconst                        7EDC     7EDC      124     3F6E       0
                intcode_body                       23C6     23C6       40        C       0
                text42                             225E     225E       5C        C       0
                text41                             2554     2554       20        C       0
                text40                             25E4     25E4        E        C       0
                text39                             25D6     25D6        E        C       0
                text38                             1ADC     1ADC       D2        C       0
                text37                             2444     2444       38        C       0
                text36                             211C     211C       7E        C       0
                text35                             1C74     1C74       C4        C       0
                text34                             1F60     1F60       B0        C       0
                text33                             24B2     24B2       34        C       0
                text32                             25FA     25FA        2        C       0
                text31                             1DF4     1DF4       BA        C       0
                text30                             16DE     16DE      1E2        C       0
                text29                             2344     2344       42        C       0
                text28                             2386     2386       40        C       0
                text26                             21FE     21FE       60        C       0
                text25                             250E     250E       26        C       0
                text24                             25C8     25C8        E        C       0
                text23                             25BA     25BA        E        C       0
                text22                             18C0     18C0      13E        C       0
                text21                             25AC     25AC        E        C       0
                text20                             2406     2406       3E        C       0
                text19                             128E     128E      266        C       0
                text18                             259E     259E        E        C       0
                text17                             2590     2590        E        C       0
                text16                             2010     2010       88        C       0
                text15                             19FE     19FE       DE        C       0
                text14                             2582     2582        E        C       0
                text13                             2574     2574        E        C       0
                text12                             2098     2098       84        C       0
                text11                              900      900      4CC        C       0
                text10                             24E6     24E6       28        C       0
                text9                              2534     2534       20        C       0
                text8                              1BAE     1BAE       C6        C       0
                text7                              1EAE     1EAE       B2        C       0
                text6                              247C     247C       36        C       0
                text5                              25F8     25F8        2        C       0
                text4                              1D38     1D38       BC        C       0
                text3                              14F4     14F4      1EA        C       0
                text2                              22BA     22BA       46        C       0
                text1                              2300     2300       44        C       0
                text0                               DCC      DCC      4C2        C       0
                cstackCOMRAM                          1        1       3E        1       1
                cstackBANK0                          60       60       48       60       1
                bssBANK1                            100      100       34      100       1
                dataBANK0                            E8       E8        6       60       1
                bssBANK0                             A8       A8       40       60       1
                dataCOMRAM                           4C       4C        1        1       1
                bssCOMRAM                            3F       3F        D        1       1
                cinit                              219A     219A       64        C       0
                idataBANK0                         25F2     25F2        6        C       0
                idataCOMRAM                        25FC     25FC        1        C       0

TOTAL           Name                               Link     Load   Length     Space
        CLASS   CODE           
                intcodelo                            18       18      8E4         0
                intcode                               8        8        6         0
                init                                8FC      8FC        4         0
                reset_vec                             0        0        4         0
                intcode_body                       23C6     23C6       40         0
                text42                             225E     225E       5C         0
                text41                             2554     2554       20         0
                text40                             25E4     25E4        E         0
                text39                             25D6     25D6        E         0
                text38                             1ADC     1ADC       D2         0
                text37                             2444     2444       38         0
                text36                             211C     211C       7E         0
                text35                             1C74     1C74       C4         0
                text34                             1F60     1F60       B0         0
                text33                             24B2     24B2       34         0
                text32                             25FA     25FA        2         0
                text31                             1DF4     1DF4       BA         0
                text30                             16DE     16DE      1E2         0
                text29                             2344     2344       42         0
                text28                             2386     2386       40         0
                text26                             21FE     21FE       60         0
                text25                             250E     250E       26         0
                text24                             25C8     25C8        E         0
                text23                             25BA     25BA        E         0
                text22                             18C0     18C0      13E         0
                text21                             25AC     25AC        E         0
                text20                             2406     2406       3E         0
                text19                             128E     128E      266         0
                text18                             259E     259E        E         0
                text17                             2590     2590        E         0
                text16                             2010     2010       88         0
                text15                             19FE     19FE       DE         0
                text14                             2582     2582        E         0
                text13                             2574     2574        E         0
                text12                             2098     2098       84         0
                text11                              900      900      4CC         0
                text10                             24E6     24E6       28         0
                text9                              2534     2534       20         0
                text8                              1BAE     1BAE       C6         0
                text7                              1EAE     1EAE       B2         0
                text6                              247C     247C       36         0
                text5                              25F8     25F8        2         0
                text4                              1D38     1D38       BC         0
                text3                              14F4     14F4      1EA         0
                text2                              22BA     22BA       46         0
                text1                              2300     2300       44         0
                text0                               DCC      DCC      4C2         0
                cinit                              219A     219A       64         0
                idataBANK0                         25F2     25F2        6         0
                idataCOMRAM                        25FC     25FC        1         0

        CLASS   CONST          

        CLASS   SMALLCONST     

        CLASS   MEDIUMCONST    
                mediumconst                        7EDC     7EDC      124         0

        CLASS   COMRAM         
                temp                                 4D       4D        1         1
                cstackCOMRAM                          1        1       3E         1
                dataCOMRAM                           4C       4C        1         1
                bssCOMRAM                            3F       3F        D         1

        CLASS   ABS1           

        CLASS   BIGRAM         

        CLASS   RAM            

        CLASS   BANK0          
                cstackBANK0                          60       60       48         1
                dataBANK0                            E8       E8        6         1
                bssBANK0                             A8       A8       40         1

        CLASS   BANK1          
                bssBANK1                            100      100       34         1

        CLASS   BANK2          

        CLASS   BANK3          

        CLASS   BANK4          

        CLASS   BANK5          

        CLASS   BANK6          

        CLASS   BANK7          

        CLASS   SFR            

        CLASS   BIGSFR         

        CLASS   CONFIG         

        CLASS   IDLOC          

        CLASS   EEDATA         

        CLASS   FARRAM         

        CLASS   HEAP           

        CLASS   STACK          



SEGMENTS        Name                           Load    Length   Top    Selector   Space  Class

                reset_vec                      000000  000004  000004         0       0  CODE    
                cstackCOMRAM                   000001  00004D  00004E         1       1  COMRAM  
                intcode                        000008  000006  00000E         4       0  CODE    
                intcodelo                      000018  0025E5  0025FD         C       0  CODE    
                cstackBANK0                    000060  00008E  0000EE        60       1  BANK0   
                bssBANK1                       000100  000034  000134       100       1  BANK1   
                mediumconst                    007EDC  000124  008000      3F6E       0  MEDIUMCO


UNUSED ADDRESS RANGES

        Name                Unused          Largest block    Delta
        BANK0            00EE-00FF             12
        BANK1            0134-01FF             CC
        BANK2            0200-02FF            100
        BANK3            0300-03FF            100
        BANK4            0400-04FF            100
        BANK5            0500-05FF            100
        BANK6            0600-06FF            100
        BANK7            0700-07FF            100
        BIGRAM           004E-005F             12
                         00EE-00FF             12
                         0134-07FF            6CC
        BIGSFR           0F60-0FFF             A0
        CODE             0004-0007              4
                         000E-0017              A
                         25FD-7EDB           58DF
        COMRAM           004E-005F             12
        CONFIG           300000-30000D              E
        CONST            0004-0007              4
                         000E-0017              A
                         25FD-7EDB           58DF
        EEDATA           F00000-F000FF            100
        IDLOC            200000-200007              8
        MEDIUMCONST      25FD-7EDB           58DF
        RAM              00EE-00FF             12
                         0134-07FF            100
        SFR              0F60-0FFF             A0
        SMALLCONST       25FD-7EDB            100

                                  Symbol Table

?___awdiv                     cstackBANK0  0060
?___awmod                     cstackBANK0  0060
?___wmul                      cstackBANK0  0060
?_abs                         cstackBANK0  0066
?_sprintf                     cstackBANK0  007D
?_vfprintf                    cstackBANK0  0077
?i1___awdiv                   cstackCOMRAM 0002
?i1___awmod                   cstackCOMRAM 0002
?i1_abs                       cstackCOMRAM 0008
?i1_sprintf                   cstackCOMRAM 001F
?i1_vfprintf                  cstackCOMRAM 0019
Lcd_CGRAM_CreateChar@add      cstackBANK0  006A
Lcd_CGRAM_CreateChar@chardata cstackBANK0  0064
Lcd_CGRAM_CreateChar@i        cstackBANK0  006B
Lcd_CGRAM_CreateChar@i_765    cstackBANK0  006C
Lcd_CGRAM_CreateChar@i_766    cstackBANK0  006D
Lcd_CGRAM_CreateChar@i_767    cstackBANK0  006E
Lcd_CGRAM_CreateChar@i_768    cstackBANK0  006F
Lcd_CGRAM_CreateChar@i_769    cstackBANK0  0070
Lcd_CGRAM_CreateChar@i_770    cstackBANK0  0071
Lcd_CGRAM_CreateChar@i_771    cstackBANK0  0072
Lcd_Cmd@a                     cstackBANK0  0062
Lcd_Port@a                    cstackBANK0  0060
Lcd_Set_Cursor@a              cstackBANK0  0064
Lcd_Set_Cursor@b              cstackBANK0  0063
Lcd_Set_Cursor@temp           cstackBANK0  0067
Lcd_Set_Cursor@y              cstackBANK0  0066
Lcd_Set_Cursor@z              cstackBANK0  0065
Lcd_Write_Char@a              cstackBANK0  0063
Lcd_Write_Char@temp           cstackBANK0  0061
Lcd_Write_Char@y              cstackBANK0  0062
Lcd_Write_String@a            cstackBANK0  0064
Lcd_Write_String@i            cstackBANK0  0068
RGB_BCD@contador              cstackBANK0  0062
RGB_BCD@contador_dec          cstackBANK0  0063
RGB_BCD@count_En              cstackBANK0  0060
RGB_BCD@re_pcs                cstackBANK0  0064
Welcome@i                     cstackBANK0  0075
Welcome@i_802                 cstackBANK0  0076
Welcome@i_806                 cstackBANK0  0078
Welcome@i_809                 cstackBANK0  0077
Welcome@i_811                 cstackBANK0  0079
_ADCON1bits                   (abs)        0FC1
_Borrado                      bssBANK0     00B8
_Borrado_En                   bssCOMRAM    0047
_E_stop_En                    bssCOMRAM    0041
_Enter_en                     bssBANK0     00BC
_HIGH_PRIORITY_i              intcode      0008
_INTCON2bits                  (abs)        0FF1
_INTCONbits                   (abs)        0FF2
_Keypad_en                    bssCOMRAM    0049
_LATAbits                     (abs)        0F89
_LATB                         (abs)        0F8A
_LATD                         (abs)        0F8C
_LATDbits                     (abs)        0F8C
_LATE                         (abs)        0F8D
_LOW_PRIORITY                 intcodelo    0018
_Lcd_Blink                    text24       25C8
_Lcd_CGRAM_Close              text21       25AC
_Lcd_CGRAM_CreateChar         text19       128E
_Lcd_CGRAM_Init               text18       259E
_Lcd_Clear                    text17       2590
_Lcd_Cmd                      text25       250E
_Lcd_Init                     text16       2010
_Lcd_NoBlink                  text23       25BA
_Lcd_Port                     text26       21FE
_Lcd_Set_Cursor               text15       19FE
_Lcd_Shift_Left               text14       2582
_Lcd_Shift_Right              text13       2574
_Lcd_Write_Char               text20       2406
_Lcd_Write_String             text12       2098
_Negro                        dataBANK0    00ED
_Numpad_en                    bssBANK0     00BA
_OSCCONbits                   (abs)        0FD3
_PORTB                        (abs)        0F81
_PORTBbits                    (abs)        0F81
_PORTCbits                    (abs)        0F82
_RCONbits                     (abs)        0FD0
_RGB_BCD                      text22       18C0
_T0CONbits                    (abs)        0FD5
_TMR0H                        (abs)        0FD7
_TMR0L                        (abs)        0FD6
_TRISA                        (abs)        0F92
_TRISAbits                    (abs)        0F92
_TRISB                        (abs)        0F93
_TRISCbits                    (abs)        0F94
_TRISD                        (abs)        0F95
_TRISDbits                    (abs)        0F95
_TRISE                        (abs)        0F96
_Tecla                        bssCOMRAM    004B
_Welcome                      text11       0900
__HRAM                        (abs)        0000
__H__absolute__               __absolute__ 0000
__Habs1                       abs1         0000
__Hbank0                      bank0        0000
__Hbank1                      bank1        0000
__Hbank2                      bank2        0000
__Hbank3                      bank3        0000
__Hbank4                      bank4        0000
__Hbank5                      bank5        0000
__Hbank6                      bank6        0000
__Hbank7                      bank7        0000
__Hbigbss                     bigbss       0000
__Hbigdata                    bigdata      0000
__Hbigram                     bigram       0000
__Hbigsfr                     bigsfr       0000
__Hbss                        bss          0000
__HbssBANK0                   bssBANK0     0000
__HbssBANK1                   bssBANK1     0000
__HbssCOMRAM                  bssCOMRAM    0000
__Hcinit                      cinit        0000
__Hclrtext                    clrtext      0000
__Hcomram                     comram       0000
__Hconfig                     config       0000
__Hconst                      const        0000
__HcstackBANK0                cstackBANK0  0000
__HcstackCOMRAM               cstackCOMRAM 0000
__Hdata                       data         0000
__HdataBANK0                  dataBANK0    0000
__HdataCOMRAM                 dataCOMRAM   0000
__Heeprom_data                eeprom_data  0000
__Hfarbss                     farbss       0000
__Hfardata                    fardata      0000
__Hheap                       heap         0000
__Hibigdata                   ibigdata     0000
__Hidata                      idata        0000
__HidataBANK0                 idataBANK0   0000
__HidataCOMRAM                idataCOMRAM  0000
__Hidloc                      idloc        0000
__Hifardata                   ifardata     0000
__Hinit                       init         0900
__Hintcode                    intcode      000E
__Hintcode_body               intcode_body 0000
__Hintcodelo                  intcodelo    08FC
__Hintentry                   intentry     0000
__Hintret                     intret       0000
__Hintsave_regs               intsave_regs 0000
__Hirdata                     irdata       0000
__Hmediumconst                mediumconst  8000
__HnvFARRAM                   nvFARRAM     0000
__Hnvbit                      nvbit        0000
__Hnvrram                     nvrram       0000
__Hparam                      rparam       0000
__Hpowerup                    powerup      08FC
__Hram                        ram          0000
__Hramtop                     ramtop       0800
__Hrbit                       rbit         0000
__Hrbss                       rbss         0000
__Hrdata                      rdata        0000
__Hreset_vec                  reset_vec    0004
__Hrparam                     rparam       0000
__Hsfr                        sfr          0000
__Hsivt_hi                    sivt_hi      0000
__Hsivt_lo                    sivt_lo      0000
__Hsmallconst                 smallconst   0000
__Hspace_0                    (abs)        8000
__Hspace_1                    (abs)        0134
__Hspace_2                    (abs)        0000
__Hspace_4                    (abs)        0000
__Hstack                      stack        0000
__Hstruct                     struct       0000
__Htemp                       temp         004E
__Htext                       text         0000
__Htext0                      text0        0000
__Htext1                      text1        0000
__Htext10                     text10       0000
__Htext11                     text11       0000
__Htext12                     text12       0000
__Htext13                     text13       0000
__Htext14                     text14       0000
__Htext15                     text15       0000
__Htext16                     text16       0000
__Htext17                     text17       0000
__Htext18                     text18       0000
__Htext19                     text19       0000
__Htext2                      text2        0000
__Htext20                     text20       0000
__Htext21                     text21       0000
__Htext22                     text22       0000
__Htext23                     text23       0000
__Htext24                     text24       0000
__Htext25                     text25       0000
__Htext26                     text26       0000
__Htext28                     text28       0000
__Htext29                     text29       0000
__Htext3                      text3        0000
__Htext30                     text30       0000
__Htext31                     text31       0000
__Htext32                     text32       0000
__Htext33                     text33       0000
__Htext34                     text34       0000
__Htext35                     text35       0000
__Htext36                     text36       0000
__Htext37                     text37       0000
__Htext38                     text38       0000
__Htext39                     text39       0000
__Htext4                      text4        0000
__Htext40                     text40       0000
__Htext41                     text41       0000
__Htext42                     text42       0000
__Htext5                      text5        0000
__Htext6                      text6        0000
__Htext7                      text7        0000
__Htext8                      text8        0000
__Htext9                      text9        0000
__LRAM                        (abs)        0001
__L__absolute__               __absolute__ 0000
__Labs1                       abs1         0000
__Lbank0                      bank0        0000
__Lbank1                      bank1        0000
__Lbank2                      bank2        0000
__Lbank3                      bank3        0000
__Lbank4                      bank4        0000
__Lbank5                      bank5        0000
__Lbank6                      bank6        0000
__Lbank7                      bank7        0000
__Lbigbss                     bigbss       0000
__Lbigdata                    bigdata      0000
__Lbigram                     bigram       0000
__Lbigsfr                     bigsfr       0000
__Lbss                        bss          0000
__LbssBANK0                   bssBANK0     0000
__LbssBANK1                   bssBANK1     0000
__LbssCOMRAM                  bssCOMRAM    0000
__Lcinit                      cinit        0000
__Lclrtext                    clrtext      0000
__Lcomram                     comram       0000
__Lconfig                     config       0000
__Lconst                      const        0000
__LcstackBANK0                cstackBANK0  0000
__LcstackCOMRAM               cstackCOMRAM 0000
__Ldata                       data         0000
__LdataBANK0                  dataBANK0    0000
__LdataCOMRAM                 dataCOMRAM   0000
__Leeprom_data                eeprom_data  0000
__Lfarbss                     farbss       0000
__Lfardata                    fardata      0000
__Lheap                       heap         0000
__Libigdata                   ibigdata     0000
__Lidata                      idata        0000
__LidataBANK0                 idataBANK0   0000
__LidataCOMRAM                idataCOMRAM  0000
__Lidloc                      idloc        0000
__Lifardata                   ifardata     0000
__Linit                       init         08FC
__Lintcode                    intcode      0008
__Lintcode_body               intcode_body 0000
__Lintcodelo                  intcodelo    0018
__Lintentry                   intentry     0000
__Lintret                     intret       0000
__Lintsave_regs               intsave_regs 0000
__Lirdata                     irdata       0000
__Lmediumconst                mediumconst  7EDC
__LnvFARRAM                   nvFARRAM     0000
__Lnvbit                      nvbit        0000
__Lnvrram                     nvrram       0000
__Lparam                      rparam       0000
__Lpowerup                    powerup      08FC
__Lram                        ram          0000
__Lramtop                     ramtop       0800
__Lrbit                       rbit         0000
__Lrbss                       rbss         0000
__Lrdata                      rdata        0000
__Lreset_vec                  reset_vec    0000
__Lrparam                     rparam       0000
__Lsfr                        sfr          0000
__Lsivt_hi                    sivt_hi      0000
__Lsivt_lo                    sivt_lo      0000
__Lsmallconst                 smallconst   0000
__Lspace_0                    (abs)        0000
__Lspace_1                    (abs)        0000
__Lspace_2                    (abs)        0000
__Lspace_4                    (abs)        0000
__Lstack                      stack        0000
__Lstruct                     struct       0000
__Ltemp                       temp         004D
__Ltext                       text         0000
__Ltext0                      text0        0000
__Ltext1                      text1        0000
__Ltext10                     text10       0000
__Ltext11                     text11       0000
__Ltext12                     text12       0000
__Ltext13                     text13       0000
__Ltext14                     text14       0000
__Ltext15                     text15       0000
__Ltext16                     text16       0000
__Ltext17                     text17       0000
__Ltext18                     text18       0000
__Ltext19                     text19       0000
__Ltext2                      text2        0000
__Ltext20                     text20       0000
__Ltext21                     text21       0000
__Ltext22                     text22       0000
__Ltext23                     text23       0000
__Ltext24                     text24       0000
__Ltext25                     text25       0000
__Ltext26                     text26       0000
__Ltext28                     text28       0000
__Ltext29                     text29       0000
__Ltext3                      text3        0000
__Ltext30                     text30       0000
__Ltext31                     text31       0000
__Ltext32                     text32       0000
__Ltext33                     text33       0000
__Ltext34                     text34       0000
__Ltext35                     text35       0000
__Ltext36                     text36       0000
__Ltext37                     text37       0000
__Ltext38                     text38       0000
__Ltext39                     text39       0000
__Ltext4                      text4        0000
__Ltext40                     text40       0000
__Ltext41                     text41       0000
__Ltext42                     text42       0000
__Ltext5                      text5        0000
__Ltext6                      text6        0000
__Ltext7                      text7        0000
__Ltext8                      text8        0000
__Ltext9                      text9        0000
__S0                          (abs)        8000
__S1                          (abs)        0134
__S4                          (abs)        0000
__S5                          (abs)        0000
___awdiv                      text8        1BAE
___awdiv@counter              cstackBANK0  0064
___awdiv@dividend             cstackBANK0  0060
___awdiv@divisor              cstackBANK0  0062
___awdiv@quotient             cstackBANK0  0066
___awdiv@sign                 cstackBANK0  0065
___awmod                      text7        1EAE
___awmod@counter              cstackBANK0  0064
___awmod@dividend             cstackBANK0  0060
___awmod@divisor              cstackBANK0  0062
___awmod@sign                 cstackBANK0  0065
___heap_hi                    (abs)        0000
___heap_lo                    (abs)        0000
___inthi_sp                   stack        0000
___inthi_stack_hi             stack        0000
___inthi_stack_lo             stack        0000
___intlo_sp                   stack        0000
___intlo_stack_hi             stack        0000
___intlo_stack_lo             stack        0000
___param_bank                 (abs)        0000
___rparam_used                (abs)        0001
___sp                         stack        0000
___stack_hi                   stack        0000
___stack_lo                   stack        0000
___wmul                       text10       24E6
___wmul@multiplicand          cstackBANK0  0062
___wmul@multiplier            cstackBANK0  0060
___wmul@product               cstackBANK0  0064
__accesstop                   (abs)        0060
__activetblptr                (abs)        0002
__end_of_HIGH_PRIORITY_i      intcode_body 2406
__end_of_LOW_PRIORITY         intcodelo    08FC
__end_of_Lcd_Blink            text24       25D6
__end_of_Lcd_CGRAM_Close      text21       25BA
__end_of_Lcd_CGRAM_CreateChar text19       14F4
__end_of_Lcd_CGRAM_Init       text18       25AC
__end_of_Lcd_Clear            text17       259E
__end_of_Lcd_Cmd              text25       2534
__end_of_Lcd_Init             text16       2098
__end_of_Lcd_NoBlink          text23       25C8
__end_of_Lcd_Port             text26       225E
__end_of_Lcd_Set_Cursor       text15       1ADC
__end_of_Lcd_Shift_Left       text14       2590
__end_of_Lcd_Shift_Right      text13       2582
__end_of_Lcd_Write_Char       text20       2444
__end_of_Lcd_Write_String     text12       211C
__end_of_RGB_BCD              text22       19FE
__end_of_Welcome              text11       0DCC
__end_of___awdiv              text8        1C74
__end_of___awmod              text7        1F60
__end_of___wmul               text10       250E
__end_of__initialization      cinit        21F0
__end_of_abs                  text6        24B2
__end_of_blinky               text9        2554
__end_of_figura_1             mediumconst  7F25
__end_of_figura_2             mediumconst  7F1D
__end_of_figura_3             mediumconst  7F15
__end_of_figura_4             mediumconst  7F0D
__end_of_figura_5             mediumconst  7F05
__end_of_figura_6             mediumconst  7EFD
__end_of_figura_7             mediumconst  7EF5
__end_of_figura_8             mediumconst  7EED
__end_of_figura_9             mediumconst  7EE5
__end_of_fputc                text4        1DF4
__end_of_main                 text0        128E
__end_of_putch                text5        25FA
__end_of_sprintf              text1        2344
__end_of_vfpfcnvrt            text3        16DE
__end_of_vfprintf             text2        2300
__end_ofi1_Lcd_Blink          text40       25F2
__end_ofi1_Lcd_Clear          text39       25E4
__end_ofi1_Lcd_Cmd            text41       2574
__end_ofi1_Lcd_Port           text42       22BA
__end_ofi1_Lcd_Set_Cursor     text38       1BAE
__end_ofi1_Lcd_Write_Char     text37       247C
__end_ofi1_Lcd_Write_String   text36       219A
__end_ofi1___awdiv            text35       1D38
__end_ofi1___awmod            text34       2010
__end_ofi1_abs                text33       24E6
__end_ofi1_fputc              text31       1EAE
__end_ofi1_putch              text32       25FC
__end_ofi1_sprintf            text28       23C6
__end_ofi1_vfpfcnvrt          text30       18C0
__end_ofi1_vfprintf           text29       2386
__initialization              cinit        219A
__mediumconst                 mediumconst  7EDC
__pbssBANK0                   bssBANK0     00A8
__pbssBANK1                   bssBANK1     0100
__pbssCOMRAM                  bssCOMRAM    003F
__pcinit                      cinit        219A
__pcstackBANK0                cstackBANK0  0060
__pcstackCOMRAM               cstackCOMRAM 0001
__pdataBANK0                  dataBANK0    00E8
__pdataCOMRAM                 dataCOMRAM   004C
__pidataBANK0                 idataBANK0   25F2
__pidataCOMRAM                idataCOMRAM  25FC
__pintcode                    intcode      0008
__pintcode_body               intcode_body 23C6
__pintcodelo                  intcodelo    0018
__pmediumconst                mediumconst  7EDC
__ptext0                      text0        0DCC
__ptext1                      text1        2300
__ptext10                     text10       24E6
__ptext11                     text11       0900
__ptext12                     text12       2098
__ptext13                     text13       2574
__ptext14                     text14       2582
__ptext15                     text15       19FE
__ptext16                     text16       2010
__ptext17                     text17       2590
__ptext18                     text18       259E
__ptext19                     text19       128E
__ptext2                      text2        22BA
__ptext20                     text20       2406
__ptext21                     text21       25AC
__ptext22                     text22       18C0
__ptext23                     text23       25BA
__ptext24                     text24       25C8
__ptext25                     text25       250E
__ptext26                     text26       21FE
__ptext28                     text28       2386
__ptext29                     text29       2344
__ptext3                      text3        14F4
__ptext30                     text30       16DE
__ptext31                     text31       1DF4
__ptext32                     text32       25FA
__ptext33                     text33       24B2
__ptext34                     text34       1F60
__ptext35                     text35       1C74
__ptext36                     text36       211C
__ptext37                     text37       2444
__ptext38                     text38       1ADC
__ptext39                     text39       25D6
__ptext4                      text4        1D38
__ptext40                     text40       25E4
__ptext41                     text41       2554
__ptext42                     text42       225E
__ptext5                      text5        25F8
__ptext6                      text6        247C
__ptext7                      text7        1EAE
__ptext8                      text8        1BAE
__ptext9                      text9        2534
__ramtop                      ramtop       0800
__smallconst                  smallconst   0000
_abs                          text6        247C
_amarillo                     dataBANK0    00E8
_azul                         dataBANK0    00EB
_back_l_En                    bssCOMRAM    0045
_blanco                       bssBANK0     00C1
_blinky                       text9        2534
_check                        bssBANK0     00AC
_contador                     bssBANK0     00E6
_contador_dec                 bssBANK0     00E4
_count_En                     bssBANK0     00B6
_counted_pcs_str              bssBANK1     0120
_cyan                         dataBANK0    00EA
_dbuf                         bssBANK1     0100
_digito                       bssBANK0     00B2
_figura_1                     mediumconst  7F1D
_figura_2                     mediumconst  7F15
_figura_3                     mediumconst  7F0D
_figura_4                     mediumconst  7F05
_figura_5                     mediumconst  7EFD
_figura_6                     mediumconst  7EF5
_figura_7                     mediumconst  7EED
_figura_8                     mediumconst  7EE5
_figura_9                     mediumconst  7EDD
_flags                        bssBANK0     00C0
_fputc                        text4        1D38
_magenta                      dataBANK0    00EC
_main                         text0        0DCC
_num                          bssBANK0     00E2
_num_str                      bssBANK0     00D6
_ok_en                        bssCOMRAM    003F
_prec                         bssBANK0     00AA
_putch                        text5        25F8
_re_pcs                       bssBANK0     00E0
_re_pcs_str                   bssBANK0     00C2
_reset_En                     bssCOMRAM    0043
_result                       bssBANK0     00B4
_rojo                         dataCOMRAM   004C
_sprintf                      text1        2300
_state                        bssBANK0     00BE
_times                        bssBANK0     00B0
_times_1                      bssBANK0     00AE
_verde                        dataBANK0    00E9
_vfpfcnvrt                    text3        14F4
_vfprintf                     text2        22BA
_width                        bssBANK0     00A8
abs@a                         cstackBANK0  0066
btemp                         temp         004D
end_of_initialization         cinit        21F0
fputc@c                       cstackBANK0  0060
fputc@fp                      cstackBANK0  0062
i1Lcd_Cmd@a                   cstackCOMRAM 0004
i1Lcd_Port@a                  cstackCOMRAM 0002
i1Lcd_Set_Cursor@a            cstackCOMRAM 0006
i1Lcd_Set_Cursor@b            cstackCOMRAM 0005
i1Lcd_Set_Cursor@temp         cstackCOMRAM 0009
i1Lcd_Set_Cursor@y            cstackCOMRAM 0008
i1Lcd_Set_Cursor@z            cstackCOMRAM 0007
i1Lcd_Write_Char@a            cstackCOMRAM 0005
i1Lcd_Write_Char@temp         cstackCOMRAM 0003
i1Lcd_Write_Char@y            cstackCOMRAM 0004
i1Lcd_Write_String@a          cstackCOMRAM 0006
i1Lcd_Write_String@i          cstackCOMRAM 000A
i1_Lcd_Blink                  text40       25E4
i1_Lcd_Clear                  text39       25D6
i1_Lcd_Cmd                    text41       2554
i1_Lcd_Port                   text42       225E
i1_Lcd_Set_Cursor             text38       1ADC
i1_Lcd_Write_Char             text37       2444
i1_Lcd_Write_String           text36       211C
i1___awdiv                    text35       1C74
i1___awdiv@counter            cstackCOMRAM 0006
i1___awdiv@dividend           cstackCOMRAM 0002
i1___awdiv@divisor            cstackCOMRAM 0004
i1___awdiv@quotient           cstackCOMRAM 0008
i1___awdiv@sign               cstackCOMRAM 0007
i1___awmod                    text34       1F60
i1___awmod@counter            cstackCOMRAM 0006
i1___awmod@dividend           cstackCOMRAM 0002
i1___awmod@divisor            cstackCOMRAM 0004
i1___awmod@sign               cstackCOMRAM 0007
i1_abs                        text33       24B2
i1_fputc                      text31       1DF4
i1_putch                      text32       25FA
i1_sprintf                    text28       2386
i1_vfpfcnvrt                  text30       16DE
i1_vfprintf                   text29       2344
i1abs@a                       cstackCOMRAM 0008
i1fputc@c                     cstackCOMRAM 0002
i1fputc@fp                    cstackCOMRAM 0004
i1sprintf@ap                  cstackCOMRAM 0025
i1sprintf@f                   cstackCOMRAM 0026
i1sprintf@fmt                 cstackCOMRAM 0021
i1sprintf@s                   cstackCOMRAM 001F
i1vfpfcnvrt@ap                cstackCOMRAM 000E
i1vfpfcnvrt@c                 cstackCOMRAM 0018
i1vfpfcnvrt@convarg           cstackCOMRAM 0014
i1vfpfcnvrt@cp                cstackCOMRAM 0012
i1vfpfcnvrt@done              cstackCOMRAM 0011
i1vfpfcnvrt@fmt               cstackCOMRAM 000D
i1vfpfcnvrt@fp                cstackCOMRAM 000C
i1vfprintf@ap                 cstackCOMRAM 001C
i1vfprintf@cfmt               cstackCOMRAM 001D
i1vfprintf@fmt                cstackCOMRAM 001A
i1vfprintf@fp                 cstackCOMRAM 0019
int$flags                     temp         004D
int_func                      intcode_body 23C6
intlevel0                     text         0000
intlevel1                     text         0000
intlevel2                     text         0000
intlevel3                     text         0000
isa$std                       (abs)        0001
isa$xinst                     (abs)        0000
main@countdown                cstackBANK0  0092
main@i                        cstackBANK0  00A6
sprintf@ap                    cstackBANK0  0083
sprintf@f                     cstackBANK0  0084
sprintf@fmt                   cstackBANK0  007F
sprintf@s                     cstackBANK0  007D
stackhi                       (abs)        0000
stacklo                       (abs)        0000
start                         init         08FC
start_initialization          cinit        219A
ttemp5                        temp         004E
ttemp6                        temp         0051
ttemp7                        temp         0055
vfpfcnvrt@ap                  cstackBANK0  006C
vfpfcnvrt@c                   cstackBANK0  0076
vfpfcnvrt@convarg             cstackBANK0  0072
vfpfcnvrt@cp                  cstackBANK0  0070
vfpfcnvrt@done                cstackBANK0  006F
vfpfcnvrt@fmt                 cstackBANK0  006B
vfpfcnvrt@fp                  cstackBANK0  006A
vfprintf@ap                   cstackBANK0  007A
vfprintf@cfmt                 cstackBANK0  007B
vfprintf@fmt                  cstackBANK0  0078
vfprintf@fp                   cstackBANK0  0077
wtemp8                        temp         004E


MODULE INFORMATION

Module		Function		Class		Link	Load	Size
C:\Program Files\Microchip\xc8\v2.46\pic\sources\c99\common\nf_fputc.c
		_fputc         		CODE           	1D38	0000	188

C:\Program Files\Microchip\xc8\v2.46\pic\sources\c99\common\nf_fputc.c estimated size: 188

LAB4.c
		_main          		CODE           	0DCC	0000	1218
		_LOW_PRIORITY  		CODE           	0018	0000	2276

LAB4.c estimated size: 3494

blinky.c
		_blinky        		CODE           	2534	0000	32
		_HIGH_PRIORITY_i		CODE           	0008	0000	70

blinky.c estimated size: 102

C:\Program Files\Microchip\xc8\v2.46\pic\sources\c99\common\awdiv.c
		___awdiv       		CODE           	1BAE	0000	198

C:\Program Files\Microchip\xc8\v2.46\pic\sources\c99\common\awdiv.c estimated size: 198

C:\Program Files\Microchip\xc8\v2.46\pic\sources\c99\common\doprnt.c
		_vfpfcnvrt     		CODE           	14F4	0000	490
		_vfprintf      		CODE           	22BA	0000	70

C:\Program Files\Microchip\xc8\v2.46\pic\sources\c99\common\doprnt.c estimated size: 560

C:\Program Files\Microchip\xc8\v2.46\pic\sources\c99\common\nf_sprintf.c
		_sprintf       		CODE           	2300	0000	68

C:\Program Files\Microchip\xc8\v2.46\pic\sources\c99\common\nf_sprintf.c estimated size: 68

shared
		i1_vfpfcnvrt   		CODE           	16DE	0000	482
		i1_abs         		CODE           	24B2	0000	52
		i1_putch       		CODE           	25FA	0000	2
		_figura_1      		MEDIUMCONST    	7F1D	0000	8
		_figura_2      		MEDIUMCONST    	7F15	0000	8
		_figura_3      		MEDIUMCONST    	7F0D	0000	8
		_figura_4      		MEDIUMCONST    	7F05	0000	8
		_figura_5      		MEDIUMCONST    	7EFD	0000	8
		_figura_6      		MEDIUMCONST    	7EF5	0000	8
		_figura_7      		MEDIUMCONST    	7EED	0000	8
		_figura_8      		MEDIUMCONST    	7EE5	0000	8
		_figura_9      		MEDIUMCONST    	7EDD	0000	8
		i1_vfprintf    		CODE           	2344	0000	66
		i1_Lcd_Write_Char		CODE           	2444	0000	56
		i1___awdiv     		CODE           	1C74	0000	196
		i1_Lcd_Port    		CODE           	225E	0000	92
		i1_Lcd_Cmd     		CODE           	2554	0000	32
		i1_Lcd_Clear   		CODE           	25D6	0000	14
		__initialization		CODE           	219A	0000	86
		i1___awmod     		CODE           	1F60	0000	176
		i1_Lcd_Set_Cursor		CODE           	1ADC	0000	210
		i1_sprintf     		CODE           	2386	0000	64
		i1_Lcd_Write_String		CODE           	211C	0000	126
		i1_Lcd_Blink   		CODE           	25E4	0000	14
		i1_fputc       		CODE           	1DF4	0000	186

shared estimated size: 1926

C:\Program Files\Microchip\xc8\v2.46\pic\sources\c99\common\putch.c
		_putch         		CODE           	25F8	0000	2

C:\Program Files\Microchip\xc8\v2.46\pic\sources\c99\common\putch.c estimated size: 2

C:\Program Files\Microchip\xc8\v2.46\pic\sources\c99\common\Umul16.c
		___wmul        		CODE           	24E6	0000	40

C:\Program Files\Microchip\xc8\v2.46\pic\sources\c99\common\Umul16.c estimated size: 40

RGB_BCD.c
		_RGB_BCD       		CODE           	18C0	0000	318

RGB_BCD.c estimated size: 318

lcd.c
		_Lcd_Write_String		CODE           	2098	0000	132
		_Lcd_Shift_Left		CODE           	2582	0000	14
		_Lcd_Init      		CODE           	2010	0000	136
		_Lcd_CGRAM_Init		CODE           	259E	0000	14
		_Lcd_Write_Char		CODE           	2406	0000	62
		_Lcd_Blink     		CODE           	25C8	0000	14
		_Lcd_Cmd       		CODE           	250E	0000	38
		_Lcd_Shift_Right		CODE           	2574	0000	14
		_Lcd_CGRAM_Close		CODE           	25AC	0000	14
		_Lcd_NoBlink   		CODE           	25BA	0000	14
		_Lcd_Set_Cursor		CODE           	19FE	0000	222
		_Lcd_Clear     		CODE           	2590	0000	14
		_Lcd_Port      		CODE           	21FE	0000	96
		_Lcd_CGRAM_CreateChar		CODE           	128E	0000	614

lcd.c estimated size: 1398

C:\Program Files\Microchip\xc8\v2.46\pic\sources\c99\common\abs.c
		_abs           		CODE           	247C	0000	54

C:\Program Files\Microchip\xc8\v2.46\pic\sources\c99\common\abs.c estimated size: 54

C:\Program Files\Microchip\xc8\v2.46\pic\sources\c99\common\awmod.c
		___awmod       		CODE           	1EAE	0000	178

C:\Program Files\Microchip\xc8\v2.46\pic\sources\c99\common\awmod.c estimated size: 178

Welcome.c
		_Welcome       		CODE           	0900	0000	1228

Welcome.c estimated size: 1228

