Microchip MPLAB XC8 Compiler V2.46

Linker command line:

-W-3 \
  --edf=C:\Program Files\Microchip\xc8\v2.46\pic\dat\20240104201356_en.msgs \
  -cn -h+dist/default/production\LAB4.X.production.sym \
  --cmf=dist/default/production\LAB4.X.production.cmf -z -Q18F4550 \
  -oC:\Users\josem\AppData\Local\Temp\xcAs4h8.\driver_tmp_3.o \
  --defsym=__MPLAB_BUILD=1 --fixupoverflow=error \
  -Mdist/default/production/LAB4.X.production.map \
  --md=C:\Users\josem\AppData\Local\Temp\xcAs4h8.\driver_tmp_0.dat -E1 \
  -ver=XC8 Compiler --acfsm=1493 -ACODE=00h-07FFFh -ACONST=00h-07FFFh \
  -ASMALLCONST=0800h-08FFhx120 -AMEDIUMCONST=0800h-07FFFh -ACOMRAM=01h-05Fh \
  -AABS1=00h-07FFh -ABIGRAM=01h-07FFh -ARAM=060h-0FFh,0100h-01FFhx7 \
  -ABANK0=060h-0FFh -ABANK1=0100h-01FFh -ABANK2=0200h-02FFh \
  -ABANK3=0300h-03FFh -ABANK4=0400h-04FFh -ABANK5=0500h-05FFh \
  -ABANK6=0600h-06FFh -ABANK7=0700h-07FFh -ASFR=0F60h-0FFFh \
  -ABIGSFR=0F60h-0FFFh -ACONFIG=0300000h-030000Dh -AIDLOC=0200000h-0200007h \
  -AEEDATA=0F00000h-0F000FFh -peeprom_data=EEDATA \
  -preset_vec=00h,intcode=8h,intcodelo=18h,powerup,init -pramtop=0800h \
  -psmallconst=SMALLCONST -pmediumconst=MEDIUMCONST -pconst=CONST \
  -AFARRAM=00h-00h \
  -prdata=COMRAM,nvrram=COMRAM,nvbit=COMRAM,rbss=COMRAM,rbit=COMRAM \
  -pfarbss=FARRAM,fardata=FARRAM,nvFARRAM=FARRAM \
  -pintsave_regs=BIGRAM,bigbss=BIGRAM,bigdata=BIGRAM -pbss=RAM \
  -pidata=CODE,irdata=CODE,ibigdata=CODE,ifardata=CODE -prparam=COMRAM \
  C:\Users\josem\AppData\Local\Temp\xcAs4h8.\driver_tmp_14.o \
  dist/default/production\LAB4.X.production.o 

Object code version is 3.11

Machine type is 18F4550



                Name                               Link     Load   Length Selector   Space Scale
C:\Users\josem\AppData\Local\Temp\xcAs4h8.\driver_tmp_14.o
                config                           300002   300002        6        0       4
                init                                9D4      9D4        4        C       0
                reset_vec                             0        0        4        0       0
dist/default/production\LAB4.X.production.o
                intcodelo                            18       18      9BC        C       0
                intcode                               8        8        6        4       0
                config                           300002   300002        6        0       4
                temp                                 4F       4F        1        1       1
                mediumconst                        7ED4     7ED4      12C     3F6A       0
                intcode_body                       24C6     24C6       40        C       0
                text42                             235E     235E       5C        C       0
                text41                             2654     2654       20        C       0
                text40                             26E4     26E4        E        C       0
                text39                             26D6     26D6        E        C       0
                text38                             1BDC     1BDC       D2        C       0
                text37                             2544     2544       38        C       0
                text36                             221C     221C       7E        C       0
                text35                             1D74     1D74       C4        C       0
                text34                             2060     2060       B0        C       0
                text33                             25B2     25B2       34        C       0
                text32                             26FA     26FA        2        C       0
                text31                             1EF4     1EF4       BA        C       0
                text30                             17DE     17DE      1E2        C       0
                text29                             2444     2444       42        C       0
                text28                             2486     2486       40        C       0
                text26                             22FE     22FE       60        C       0
                text25                             260E     260E       26        C       0
                text24                             26C8     26C8        E        C       0
                text23                             26BA     26BA        E        C       0
                text22                             19C0     19C0      13E        C       0
                text21                             26AC     26AC        E        C       0
                text20                             2506     2506       3E        C       0
                text19                             138E     138E      266        C       0
                text18                             269E     269E        E        C       0
                text17                             2690     2690        E        C       0
                text16                             2110     2110       88        C       0
                text15                             1AFE     1AFE       DE        C       0
                text14                             2682     2682        E        C       0
                text13                             2674     2674        E        C       0
                text12                             2198     2198       84        C       0
                text11                              EC2      EC2      4CC        C       0
                text10                             25E6     25E6       28        C       0
                text9                              2634     2634       20        C       0
                text8                              1CAE     1CAE       C6        C       0
                text7                              1FAE     1FAE       B2        C       0
                text6                              257C     257C       36        C       0
                text5                              26F8     26F8        2        C       0
                text4                              1E38     1E38       BC        C       0
                text3                              15F4     15F4      1EA        C       0
                text2                              23BA     23BA       46        C       0
                text1                              2400     2400       44        C       0
                text0                               9D8      9D8      4EA        C       0
                cstackCOMRAM                          1        1       3E        1       1
                cstackBANK0                          60       60       48       60       1
                bssBANK1                            100      100       34      100       1
                dataBANK0                            E8       E8        6       60       1
                bssBANK0                             A8       A8       40       60       1
                dataCOMRAM                           4E       4E        1        1       1
                bssCOMRAM                            3F       3F        F        1       1
                cinit                              229A     229A       64        C       0
                idataBANK0                         26F2     26F2        6        C       0
                idataCOMRAM                        26FC     26FC        1        C       0

TOTAL           Name                               Link     Load   Length     Space
        CLASS   CODE           
                intcodelo                            18       18      9BC         0
                intcode                               8        8        6         0
                init                                9D4      9D4        4         0
                reset_vec                             0        0        4         0
                intcode_body                       24C6     24C6       40         0
                text42                             235E     235E       5C         0
                text41                             2654     2654       20         0
                text40                             26E4     26E4        E         0
                text39                             26D6     26D6        E         0
                text38                             1BDC     1BDC       D2         0
                text37                             2544     2544       38         0
                text36                             221C     221C       7E         0
                text35                             1D74     1D74       C4         0
                text34                             2060     2060       B0         0
                text33                             25B2     25B2       34         0
                text32                             26FA     26FA        2         0
                text31                             1EF4     1EF4       BA         0
                text30                             17DE     17DE      1E2         0
                text29                             2444     2444       42         0
                text28                             2486     2486       40         0
                text26                             22FE     22FE       60         0
                text25                             260E     260E       26         0
                text24                             26C8     26C8        E         0
                text23                             26BA     26BA        E         0
                text22                             19C0     19C0      13E         0
                text21                             26AC     26AC        E         0
                text20                             2506     2506       3E         0
                text19                             138E     138E      266         0
                text18                             269E     269E        E         0
                text17                             2690     2690        E         0
                text16                             2110     2110       88         0
                text15                             1AFE     1AFE       DE         0
                text14                             2682     2682        E         0
                text13                             2674     2674        E         0
                text12                             2198     2198       84         0
                text11                              EC2      EC2      4CC         0
                text10                             25E6     25E6       28         0
                text9                              2634     2634       20         0
                text8                              1CAE     1CAE       C6         0
                text7                              1FAE     1FAE       B2         0
                text6                              257C     257C       36         0
                text5                              26F8     26F8        2         0
                text4                              1E38     1E38       BC         0
                text3                              15F4     15F4      1EA         0
                text2                              23BA     23BA       46         0
                text1                              2400     2400       44         0
                text0                               9D8      9D8      4EA         0
                cinit                              229A     229A       64         0
                idataBANK0                         26F2     26F2        6         0
                idataCOMRAM                        26FC     26FC        1         0

        CLASS   CONST          

        CLASS   SMALLCONST     

        CLASS   MEDIUMCONST    
                mediumconst                        7ED4     7ED4      12C         0

        CLASS   COMRAM         
                temp                                 4F       4F        1         1
                cstackCOMRAM                          1        1       3E         1
                dataCOMRAM                           4E       4E        1         1
                bssCOMRAM                            3F       3F        F         1

        CLASS   ABS1           

        CLASS   BIGRAM         

        CLASS   RAM            

        CLASS   BANK0          
                cstackBANK0                          60       60       48         1
                dataBANK0                            E8       E8        6         1
                bssBANK0                             A8       A8       40         1

        CLASS   BANK1          
                bssBANK1                            100      100       34         1

        CLASS   BANK2          

        CLASS   BANK3          

        CLASS   BANK4          

        CLASS   BANK5          

        CLASS   BANK6          

        CLASS   BANK7          

        CLASS   SFR            

        CLASS   BIGSFR         

        CLASS   CONFIG         
                config                           300002   300002        6         4

        CLASS   IDLOC          

        CLASS   EEDATA         

        CLASS   FARRAM         

        CLASS   HEAP           

        CLASS   STACK          



SEGMENTS        Name                           Load    Length   Top    Selector   Space  Class

                reset_vec                      000000  000004  000004         0       0  CODE    
                cstackCOMRAM                   000001  00004F  000050         1       1  COMRAM  
                intcode                        000008  000006  00000E         4       0  CODE    
                intcodelo                      000018  0026E5  0026FD         C       0  CODE    
                cstackBANK0                    000060  00008E  0000EE        60       1  BANK0   
                bssBANK1                       000100  000034  000134       100       1  BANK1   
                mediumconst                    007ED4  00012C  008000      3F6A       0  MEDIUMCO


UNUSED ADDRESS RANGES

        Name                Unused          Largest block    Delta
        BANK0            0000EE-0000FF               12
        BANK1            000134-0001FF               CC
        BANK2            000200-0002FF              100
        BANK3            000300-0003FF              100
        BANK4            000400-0004FF              100
        BANK5            000500-0005FF              100
        BANK6            000600-0006FF              100
        BANK7            000700-0007FF              100
        BIGRAM           000050-00005F               10
                         0000EE-0000FF               12
                         000134-0007FF              6CC
        BIGSFR           000F60-000FFF               A0
        CODE             000004-000007                4
                         00000E-000017                A
                         0026FD-007ED3             57D7
        COMRAM           000050-00005F               10
        CONFIG           300000-300001                2
                         300008-30000D                6
        CONST            000004-000007                4
                         00000E-000017                A
                         0026FD-007ED3             57D7
        EEDATA           F00000-F000FF              100
        IDLOC            200000-200007                8
        MEDIUMCONST      0026FD-007ED3             57D7
        RAM              0000EE-0000FF               12
                         000134-0007FF              100
        SFR              000F60-000FFF               A0
        SMALLCONST       0026FD-007ED3              100

                                  Symbol Table

?___awdiv                     cstackBANK0  000060
?___awmod                     cstackBANK0  000060
?___wmul                      cstackBANK0  000060
?_abs                         cstackBANK0  000066
?_sprintf                     cstackBANK0  00007D
?_vfprintf                    cstackBANK0  000077
?i1___awdiv                   cstackCOMRAM 000002
?i1___awmod                   cstackCOMRAM 000002
?i1_abs                       cstackCOMRAM 000008
?i1_sprintf                   cstackCOMRAM 00001F
?i1_vfprintf                  cstackCOMRAM 000019
Lcd_CGRAM_CreateChar@add      cstackBANK0  00006A
Lcd_CGRAM_CreateChar@chardata cstackBANK0  000064
Lcd_CGRAM_CreateChar@i        cstackBANK0  00006B
Lcd_CGRAM_CreateChar@i_768    cstackBANK0  00006C
Lcd_CGRAM_CreateChar@i_769    cstackBANK0  00006D
Lcd_CGRAM_CreateChar@i_770    cstackBANK0  00006E
Lcd_CGRAM_CreateChar@i_771    cstackBANK0  00006F
Lcd_CGRAM_CreateChar@i_772    cstackBANK0  000070
Lcd_CGRAM_CreateChar@i_773    cstackBANK0  000071
Lcd_CGRAM_CreateChar@i_774    cstackBANK0  000072
Lcd_Cmd@a                     cstackBANK0  000062
Lcd_Port@a                    cstackBANK0  000060
Lcd_Set_Cursor@a              cstackBANK0  000064
Lcd_Set_Cursor@b              cstackBANK0  000063
Lcd_Set_Cursor@temp           cstackBANK0  000067
Lcd_Set_Cursor@y              cstackBANK0  000066
Lcd_Set_Cursor@z              cstackBANK0  000065
Lcd_Write_Char@a              cstackBANK0  000063
Lcd_Write_Char@temp           cstackBANK0  000061
Lcd_Write_Char@y              cstackBANK0  000062
Lcd_Write_String@a            cstackBANK0  000064
Lcd_Write_String@i            cstackBANK0  000068
RGB_BCD@contador              cstackBANK0  000062
RGB_BCD@contador_dec          cstackBANK0  000063
RGB_BCD@count_En              cstackBANK0  000060
RGB_BCD@re_pcs                cstackBANK0  000064
Welcome@i                     cstackBANK0  000075
Welcome@i_805                 cstackBANK0  000076
Welcome@i_809                 cstackBANK0  000078
Welcome@i_812                 cstackBANK0  000077
Welcome@i_814                 cstackBANK0  000079
_ADCON1bits                   (abs)        000FC1
_Borrado                      bssBANK0     0000B8
_Borrado_En                   bssCOMRAM    000049
_E_stop_En                    bssCOMRAM    000043
_Enter_en                     bssBANK0     0000BC
_HIGH_PRIORITY_i              intcode      000008
_INTCON2bits                  (abs)        000FF1
_INTCONbits                   (abs)        000FF2
_Keypad_en                    bssCOMRAM    00004B
_LATAbits                     (abs)        000F89
_LATB                         (abs)        000F8A
_LATD                         (abs)        000F8C
_LATDbits                     (abs)        000F8C
_LATE                         (abs)        000F8D
_LOW_PRIORITY                 intcodelo    000018
_Lcd_Blink                    text24       0026C8
_Lcd_CGRAM_Close              text21       0026AC
_Lcd_CGRAM_CreateChar         text19       00138E
_Lcd_CGRAM_Init               text18       00269E
_Lcd_Clear                    text17       002690
_Lcd_Cmd                      text25       00260E
_Lcd_Init                     text16       002110
_Lcd_NoBlink                  text23       0026BA
_Lcd_Port                     text26       0022FE
_Lcd_Set_Cursor               text15       001AFE
_Lcd_Shift_Left               text14       002682
_Lcd_Shift_Right              text13       002674
_Lcd_Write_Char               text20       002506
_Lcd_Write_String             text12       002198
_Negro                        dataBANK0    0000ED
_Numpad_en                    bssBANK0     0000BA
_OSCCONbits                   (abs)        000FD3
_PORTB                        (abs)        000F81
_PORTBbits                    (abs)        000F81
_PORTCbits                    (abs)        000F82
_RCONbits                     (abs)        000FD0
_RGB_BCD                      text22       0019C0
_T0CONbits                    (abs)        000FD5
_TMR0H                        (abs)        000FD7
_TMR0L                        (abs)        000FD6
_TRISA                        (abs)        000F92
_TRISAbits                    (abs)        000F92
_TRISB                        (abs)        000F93
_TRISCbits                    (abs)        000F94
_TRISD                        (abs)        000F95
_TRISDbits                    (abs)        000F95
_TRISE                        (abs)        000F96
_Tecla                        bssCOMRAM    00004D
_Welcome                      text11       000EC2
__HRAM                        (abs)        000000
__H__absolute__               __absolute__ 000000
__Habs1                       abs1         000000
__Hbank0                      bank0        000000
__Hbank1                      bank1        000000
__Hbank2                      bank2        000000
__Hbank3                      bank3        000000
__Hbank4                      bank4        000000
__Hbank5                      bank5        000000
__Hbank6                      bank6        000000
__Hbank7                      bank7        000000
__Hbigbss                     bigbss       000000
__Hbigdata                    bigdata      000000
__Hbigram                     bigram       000000
__Hbigsfr                     bigsfr       000000
__Hbss                        bss          000000
__HbssBANK0                   bssBANK0     000000
__HbssBANK1                   bssBANK1     000000
__HbssCOMRAM                  bssCOMRAM    000000
__Hcinit                      cinit        000000
__Hclrtext                    clrtext      000000
__Hcomram                     comram       000000
__Hconfig                     config       300008
__Hconst                      const        000000
__HcstackBANK0                cstackBANK0  000000
__HcstackCOMRAM               cstackCOMRAM 000000
__Hdata                       data         000000
__HdataBANK0                  dataBANK0    000000
__HdataCOMRAM                 dataCOMRAM   000000
__Heeprom_data                eeprom_data  000000
__Hfarbss                     farbss       000000
__Hfardata                    fardata      000000
__Hheap                       heap         000000
__Hibigdata                   ibigdata     000000
__Hidata                      idata        000000
__HidataBANK0                 idataBANK0   000000
__HidataCOMRAM                idataCOMRAM  000000
__Hidloc                      idloc        000000
__Hifardata                   ifardata     000000
__Hinit                       init         0009D8
__Hintcode                    intcode      00000E
__Hintcode_body               intcode_body 000000
__Hintcodelo                  intcodelo    0009D4
__Hintentry                   intentry     000000
__Hintret                     intret       000000
__Hintsave_regs               intsave_regs 000000
__Hirdata                     irdata       000000
__Hmediumconst                mediumconst  008000
__HnvFARRAM                   nvFARRAM     000000
__Hnvbit                      nvbit        000000
__Hnvrram                     nvrram       000000
__Hparam                      rparam       000000
__Hpowerup                    powerup      0009D4
__Hram                        ram          000000
__Hramtop                     ramtop       000800
__Hrbit                       rbit         000000
__Hrbss                       rbss         000000
__Hrdata                      rdata        000000
__Hreset_vec                  reset_vec    000004
__Hrparam                     rparam       000000
__Hsfr                        sfr          000000
__Hsivt_hi                    sivt_hi      000000
__Hsivt_lo                    sivt_lo      000000
__Hsmallconst                 smallconst   000000
__Hspace_0                    (abs)        008000
__Hspace_1                    (abs)        000134
__Hspace_2                    (abs)        000000
__Hspace_4                    (abs)        60000A
__Hstack                      stack        000000
__Hstruct                     struct       000000
__Htemp                       temp         000050
__Htext                       text         000000
__Htext0                      text0        000000
__Htext1                      text1        000000
__Htext10                     text10       000000
__Htext11                     text11       000000
__Htext12                     text12       000000
__Htext13                     text13       000000
__Htext14                     text14       000000
__Htext15                     text15       000000
__Htext16                     text16       000000
__Htext17                     text17       000000
__Htext18                     text18       000000
__Htext19                     text19       000000
__Htext2                      text2        000000
__Htext20                     text20       000000
__Htext21                     text21       000000
__Htext22                     text22       000000
__Htext23                     text23       000000
__Htext24                     text24       000000
__Htext25                     text25       000000
__Htext26                     text26       000000
__Htext28                     text28       000000
__Htext29                     text29       000000
__Htext3                      text3        000000
__Htext30                     text30       000000
__Htext31                     text31       000000
__Htext32                     text32       000000
__Htext33                     text33       000000
__Htext34                     text34       000000
__Htext35                     text35       000000
__Htext36                     text36       000000
__Htext37                     text37       000000
__Htext38                     text38       000000
__Htext39                     text39       000000
__Htext4                      text4        000000
__Htext40                     text40       000000
__Htext41                     text41       000000
__Htext42                     text42       000000
__Htext5                      text5        000000
__Htext6                      text6        000000
__Htext7                      text7        000000
__Htext8                      text8        000000
__Htext9                      text9        000000
__LRAM                        (abs)        000001
__L__absolute__               __absolute__ 000000
__Labs1                       abs1         000000
__Lbank0                      bank0        000000
__Lbank1                      bank1        000000
__Lbank2                      bank2        000000
__Lbank3                      bank3        000000
__Lbank4                      bank4        000000
__Lbank5                      bank5        000000
__Lbank6                      bank6        000000
__Lbank7                      bank7        000000
__Lbigbss                     bigbss       000000
__Lbigdata                    bigdata      000000
__Lbigram                     bigram       000000
__Lbigsfr                     bigsfr       000000
__Lbss                        bss          000000
__LbssBANK0                   bssBANK0     000000
__LbssBANK1                   bssBANK1     000000
__LbssCOMRAM                  bssCOMRAM    000000
__Lcinit                      cinit        000000
__Lclrtext                    clrtext      000000
__Lcomram                     comram       000000
__Lconfig                     config       000000
__Lconst                      const        000000
__LcstackBANK0                cstackBANK0  000000
__LcstackCOMRAM               cstackCOMRAM 000000
__Ldata                       data         000000
__LdataBANK0                  dataBANK0    000000
__LdataCOMRAM                 dataCOMRAM   000000
__Leeprom_data                eeprom_data  000000
__Lfarbss                     farbss       000000
__Lfardata                    fardata      000000
__Lheap                       heap         000000
__Libigdata                   ibigdata     000000
__Lidata                      idata        000000
__LidataBANK0                 idataBANK0   000000
__LidataCOMRAM                idataCOMRAM  000000
__Lidloc                      idloc        000000
__Lifardata                   ifardata     000000
__Linit                       init         0009D4
__Lintcode                    intcode      000008
__Lintcode_body               intcode_body 000000
__Lintcodelo                  intcodelo    000018
__Lintentry                   intentry     000000
__Lintret                     intret       000000
__Lintsave_regs               intsave_regs 000000
__Lirdata                     irdata       000000
__Lmediumconst                mediumconst  007ED4
__LnvFARRAM                   nvFARRAM     000000
__Lnvbit                      nvbit        000000
__Lnvrram                     nvrram       000000
__Lparam                      rparam       000000
__Lpowerup                    powerup      0009D4
__Lram                        ram          000000
__Lramtop                     ramtop       000800
__Lrbit                       rbit         000000
__Lrbss                       rbss         000000
__Lrdata                      rdata        000000
__Lreset_vec                  reset_vec    000000
__Lrparam                     rparam       000000
__Lsfr                        sfr          000000
__Lsivt_hi                    sivt_hi      000000
__Lsivt_lo                    sivt_lo      000000
__Lsmallconst                 smallconst   000000
__Lspace_0                    (abs)        000000
__Lspace_1                    (abs)        000000
__Lspace_2                    (abs)        000000
__Lspace_4                    (abs)        000000
__Lstack                      stack        000000
__Lstruct                     struct       000000
__Ltemp                       temp         00004F
__Ltext                       text         000000
__Ltext0                      text0        000000
__Ltext1                      text1        000000
__Ltext10                     text10       000000
__Ltext11                     text11       000000
__Ltext12                     text12       000000
__Ltext13                     text13       000000
__Ltext14                     text14       000000
__Ltext15                     text15       000000
__Ltext16                     text16       000000
__Ltext17                     text17       000000
__Ltext18                     text18       000000
__Ltext19                     text19       000000
__Ltext2                      text2        000000
__Ltext20                     text20       000000
__Ltext21                     text21       000000
__Ltext22                     text22       000000
__Ltext23                     text23       000000
__Ltext24                     text24       000000
__Ltext25                     text25       000000
__Ltext26                     text26       000000
__Ltext28                     text28       000000
__Ltext29                     text29       000000
__Ltext3                      text3        000000
__Ltext30                     text30       000000
__Ltext31                     text31       000000
__Ltext32                     text32       000000
__Ltext33                     text33       000000
__Ltext34                     text34       000000
__Ltext35                     text35       000000
__Ltext36                     text36       000000
__Ltext37                     text37       000000
__Ltext38                     text38       000000
__Ltext39                     text39       000000
__Ltext4                      text4        000000
__Ltext40                     text40       000000
__Ltext41                     text41       000000
__Ltext42                     text42       000000
__Ltext5                      text5        000000
__Ltext6                      text6        000000
__Ltext7                      text7        000000
__Ltext8                      text8        000000
__Ltext9                      text9        000000
__S0                          (abs)        008000
__S1                          (abs)        000134
__S4                          (abs)        000000
__S5                          (abs)        000000
___awdiv                      text8        001CAE
___awdiv@counter              cstackBANK0  000064
___awdiv@dividend             cstackBANK0  000060
___awdiv@divisor              cstackBANK0  000062
___awdiv@quotient             cstackBANK0  000066
___awdiv@sign                 cstackBANK0  000065
___awmod                      text7        001FAE
___awmod@counter              cstackBANK0  000064
___awmod@dividend             cstackBANK0  000060
___awmod@divisor              cstackBANK0  000062
___awmod@sign                 cstackBANK0  000065
___heap_hi                    (abs)        000000
___heap_lo                    (abs)        000000
___inthi_sp                   stack        000000
___inthi_stack_hi             stack        000000
___inthi_stack_lo             stack        000000
___intlo_sp                   stack        000000
___intlo_stack_hi             stack        000000
___intlo_stack_lo             stack        000000
___param_bank                 (abs)        000000
___rparam_used                (abs)        000001
___sp                         stack        000000
___stack_hi                   stack        000000
___stack_lo                   stack        000000
___wmul                       text10       0025E6
___wmul@multiplicand          cstackBANK0  000062
___wmul@multiplier            cstackBANK0  000060
___wmul@product               cstackBANK0  000064
__accesstop                   (abs)        000060
__activetblptr                (abs)        000002
__end_of_HIGH_PRIORITY_i      intcode_body 002506
__end_of_LOW_PRIORITY         intcodelo    0009D4
__end_of_Lcd_Blink            text24       0026D6
__end_of_Lcd_CGRAM_Close      text21       0026BA
__end_of_Lcd_CGRAM_CreateChar text19       0015F4
__end_of_Lcd_CGRAM_Init       text18       0026AC
__end_of_Lcd_Clear            text17       00269E
__end_of_Lcd_Cmd              text25       002634
__end_of_Lcd_Init             text16       002198
__end_of_Lcd_NoBlink          text23       0026C8
__end_of_Lcd_Port             text26       00235E
__end_of_Lcd_Set_Cursor       text15       001BDC
__end_of_Lcd_Shift_Left       text14       002690
__end_of_Lcd_Shift_Right      text13       002682
__end_of_Lcd_Write_Char       text20       002544
__end_of_Lcd_Write_String     text12       00221C
__end_of_RGB_BCD              text22       001AFE
__end_of_Welcome              text11       00138E
__end_of___awdiv              text8        001D74
__end_of___awmod              text7        002060
__end_of___wmul               text10       00260E
__end_of__initialization      cinit        0022F0
__end_of_abs                  text6        0025B2
__end_of_blinky               text9        002654
__end_of_figura_1             mediumconst  007F1D
__end_of_figura_2             mediumconst  007F15
__end_of_figura_3             mediumconst  007F0D
__end_of_figura_4             mediumconst  007F05
__end_of_figura_5             mediumconst  007EFD
__end_of_figura_6             mediumconst  007EF5
__end_of_figura_7             mediumconst  007EED
__end_of_figura_8             mediumconst  007EE5
__end_of_figura_9             mediumconst  007EDD
__end_of_fputc                text4        001EF4
__end_of_main                 text0        000EC2
__end_of_putch                text5        0026FA
__end_of_sprintf              text1        002444
__end_of_vfpfcnvrt            text3        0017DE
__end_of_vfprintf             text2        002400
__end_ofi1_Lcd_Blink          text40       0026F2
__end_ofi1_Lcd_Clear          text39       0026E4
__end_ofi1_Lcd_Cmd            text41       002674
__end_ofi1_Lcd_Port           text42       0023BA
__end_ofi1_Lcd_Set_Cursor     text38       001CAE
__end_ofi1_Lcd_Write_Char     text37       00257C
__end_ofi1_Lcd_Write_String   text36       00229A
__end_ofi1___awdiv            text35       001E38
__end_ofi1___awmod            text34       002110
__end_ofi1_abs                text33       0025E6
__end_ofi1_fputc              text31       001FAE
__end_ofi1_putch              text32       0026FC
__end_ofi1_sprintf            text28       0024C6
__end_ofi1_vfpfcnvrt          text30       0019C0
__end_ofi1_vfprintf           text29       002486
__initialization              cinit        00229A
__mediumconst                 mediumconst  007ED4
__pbssBANK0                   bssBANK0     0000A8
__pbssBANK1                   bssBANK1     000100
__pbssCOMRAM                  bssCOMRAM    00003F
__pcinit                      cinit        00229A
__pcstackBANK0                cstackBANK0  000060
__pcstackCOMRAM               cstackCOMRAM 000001
__pdataBANK0                  dataBANK0    0000E8
__pdataCOMRAM                 dataCOMRAM   00004E
__pidataBANK0                 idataBANK0   0026F2
__pidataCOMRAM                idataCOMRAM  0026FC
__pintcode                    intcode      000008
__pintcode_body               intcode_body 0024C6
__pintcodelo                  intcodelo    000018
__pmediumconst                mediumconst  007ED4
__ptext0                      text0        0009D8
__ptext1                      text1        002400
__ptext10                     text10       0025E6
__ptext11                     text11       000EC2
__ptext12                     text12       002198
__ptext13                     text13       002674
__ptext14                     text14       002682
__ptext15                     text15       001AFE
__ptext16                     text16       002110
__ptext17                     text17       002690
__ptext18                     text18       00269E
__ptext19                     text19       00138E
__ptext2                      text2        0023BA
__ptext20                     text20       002506
__ptext21                     text21       0026AC
__ptext22                     text22       0019C0
__ptext23                     text23       0026BA
__ptext24                     text24       0026C8
__ptext25                     text25       00260E
__ptext26                     text26       0022FE
__ptext28                     text28       002486
__ptext29                     text29       002444
__ptext3                      text3        0015F4
__ptext30                     text30       0017DE
__ptext31                     text31       001EF4
__ptext32                     text32       0026FA
__ptext33                     text33       0025B2
__ptext34                     text34       002060
__ptext35                     text35       001D74
__ptext36                     text36       00221C
__ptext37                     text37       002544
__ptext38                     text38       001BDC
__ptext39                     text39       0026D6
__ptext4                      text4        001E38
__ptext40                     text40       0026E4
__ptext41                     text41       002654
__ptext42                     text42       00235E
__ptext5                      text5        0026F8
__ptext6                      text6        00257C
__ptext7                      text7        001FAE
__ptext8                      text8        001CAE
__ptext9                      text9        002634
__ramtop                      ramtop       000800
__smallconst                  smallconst   000000
_abs                          text6        00257C
_amarillo                     dataBANK0    0000E8
_azul                         dataBANK0    0000EB
_back_l_En                    bssCOMRAM    000047
_blanco                       bssBANK0     0000C1
_blinky                       text9        002634
_check                        bssBANK0     0000AC
_contador                     bssBANK0     0000E6
_contador_dec                 bssBANK0     0000E4
_count_En                     bssBANK0     0000B6
_counted_pcs_str              bssBANK1     000120
_cyan                         dataBANK0    0000EA
_dbuf                         bssBANK1     000100
_digito                       bssBANK0     0000B2
_figura_1                     mediumconst  007F15
_figura_2                     mediumconst  007F0D
_figura_3                     mediumconst  007F05
_figura_4                     mediumconst  007EFD
_figura_5                     mediumconst  007EF5
_figura_6                     mediumconst  007EED
_figura_7                     mediumconst  007EE5
_figura_8                     mediumconst  007EDD
_figura_9                     mediumconst  007ED5
_flags                        bssBANK0     0000C0
_fputc                        text4        001E38
_magenta                      dataBANK0    0000EC
_main                         text0        0009D8
_num                          bssBANK0     0000E2
_num_str                      bssBANK0     0000D6
_ok_en                        bssCOMRAM    00003F
_ok_flag                      bssCOMRAM    000041
_prec                         bssBANK0     0000AA
_putch                        text5        0026F8
_re_pcs                       bssBANK0     0000E0
_re_pcs_str                   bssBANK0     0000C2
_reset_En                     bssCOMRAM    000045
_result                       bssBANK0     0000B4
_rojo                         dataCOMRAM   00004E
_sprintf                      text1        002400
_state                        bssBANK0     0000BE
_times                        bssBANK0     0000B0
_times_1                      bssBANK0     0000AE
_verde                        dataBANK0    0000E9
_vfpfcnvrt                    text3        0015F4
_vfprintf                     text2        0023BA
_width                        bssBANK0     0000A8
abs@a                         cstackBANK0  000066
btemp                         temp         00004F
end_of_initialization         cinit        0022F0
fputc@c                       cstackBANK0  000060
fputc@fp                      cstackBANK0  000062
i1Lcd_Cmd@a                   cstackCOMRAM 000004
i1Lcd_Port@a                  cstackCOMRAM 000002
i1Lcd_Set_Cursor@a            cstackCOMRAM 000006
i1Lcd_Set_Cursor@b            cstackCOMRAM 000005
i1Lcd_Set_Cursor@temp         cstackCOMRAM 000009
i1Lcd_Set_Cursor@y            cstackCOMRAM 000008
i1Lcd_Set_Cursor@z            cstackCOMRAM 000007
i1Lcd_Write_Char@a            cstackCOMRAM 000005
i1Lcd_Write_Char@temp         cstackCOMRAM 000003
i1Lcd_Write_Char@y            cstackCOMRAM 000004
i1Lcd_Write_String@a          cstackCOMRAM 000006
i1Lcd_Write_String@i          cstackCOMRAM 00000A
i1_Lcd_Blink                  text40       0026E4
i1_Lcd_Clear                  text39       0026D6
i1_Lcd_Cmd                    text41       002654
i1_Lcd_Port                   text42       00235E
i1_Lcd_Set_Cursor             text38       001BDC
i1_Lcd_Write_Char             text37       002544
i1_Lcd_Write_String           text36       00221C
i1___awdiv                    text35       001D74
i1___awdiv@counter            cstackCOMRAM 000006
i1___awdiv@dividend           cstackCOMRAM 000002
i1___awdiv@divisor            cstackCOMRAM 000004
i1___awdiv@quotient           cstackCOMRAM 000008
i1___awdiv@sign               cstackCOMRAM 000007
i1___awmod                    text34       002060
i1___awmod@counter            cstackCOMRAM 000006
i1___awmod@dividend           cstackCOMRAM 000002
i1___awmod@divisor            cstackCOMRAM 000004
i1___awmod@sign               cstackCOMRAM 000007
i1_abs                        text33       0025B2
i1_fputc                      text31       001EF4
i1_putch                      text32       0026FA
i1_sprintf                    text28       002486
i1_vfpfcnvrt                  text30       0017DE
i1_vfprintf                   text29       002444
i1abs@a                       cstackCOMRAM 000008
i1fputc@c                     cstackCOMRAM 000002
i1fputc@fp                    cstackCOMRAM 000004
i1sprintf@ap                  cstackCOMRAM 000025
i1sprintf@f                   cstackCOMRAM 000026
i1sprintf@fmt                 cstackCOMRAM 000021
i1sprintf@s                   cstackCOMRAM 00001F
i1vfpfcnvrt@ap                cstackCOMRAM 00000E
i1vfpfcnvrt@c                 cstackCOMRAM 000018
i1vfpfcnvrt@convarg           cstackCOMRAM 000014
i1vfpfcnvrt@cp                cstackCOMRAM 000012
i1vfpfcnvrt@done              cstackCOMRAM 000011
i1vfpfcnvrt@fmt               cstackCOMRAM 00000D
i1vfpfcnvrt@fp                cstackCOMRAM 00000C
i1vfprintf@ap                 cstackCOMRAM 00001C
i1vfprintf@cfmt               cstackCOMRAM 00001D
i1vfprintf@fmt                cstackCOMRAM 00001A
i1vfprintf@fp                 cstackCOMRAM 000019
int$flags                     temp         00004F
int_func                      intcode_body 0024C6
intlevel0                     text         000000
intlevel1                     text         000000
intlevel2                     text         000000
intlevel3                     text         000000
isa$std                       (abs)        000001
isa$xinst                     (abs)        000000
main@countdown                cstackBANK0  000092
main@i                        cstackBANK0  0000A6
sprintf@ap                    cstackBANK0  000083
sprintf@f                     cstackBANK0  000084
sprintf@fmt                   cstackBANK0  00007F
sprintf@s                     cstackBANK0  00007D
stackhi                       (abs)        000000
stacklo                       (abs)        000000
start                         init         0009D4
start_initialization          cinit        00229A
ttemp5                        temp         000050
ttemp6                        temp         000053
ttemp7                        temp         000057
vfpfcnvrt@ap                  cstackBANK0  00006C
vfpfcnvrt@c                   cstackBANK0  000076
vfpfcnvrt@convarg             cstackBANK0  000072
vfpfcnvrt@cp                  cstackBANK0  000070
vfpfcnvrt@done                cstackBANK0  00006F
vfpfcnvrt@fmt                 cstackBANK0  00006B
vfpfcnvrt@fp                  cstackBANK0  00006A
vfprintf@ap                   cstackBANK0  00007A
vfprintf@cfmt                 cstackBANK0  00007B
vfprintf@fmt                  cstackBANK0  000078
vfprintf@fp                   cstackBANK0  000077
wtemp8                        temp         000050


MODULE INFORMATION

Module		Function		Class		Link	Load	Size
C:\Program Files\Microchip\xc8\v2.46\pic\sources\c99\common\nf_fputc.c
		_fputc         		CODE           	1E38	0000	188

C:\Program Files\Microchip\xc8\v2.46\pic\sources\c99\common\nf_fputc.c estimated size: 188

LAB4.c
		_main          		CODE           	09D8	0000	1258
		_LOW_PRIORITY  		CODE           	0018	0000	2492

LAB4.c estimated size: 3750

blinky.c
		_blinky        		CODE           	2634	0000	32
		_HIGH_PRIORITY_i		CODE           	0008	0000	70

blinky.c estimated size: 102

C:\Program Files\Microchip\xc8\v2.46\pic\sources\c99\common\awdiv.c
		___awdiv       		CODE           	1CAE	0000	198

C:\Program Files\Microchip\xc8\v2.46\pic\sources\c99\common\awdiv.c estimated size: 198

C:\Program Files\Microchip\xc8\v2.46\pic\sources\c99\common\doprnt.c
		_vfpfcnvrt     		CODE           	15F4	0000	490
		_vfprintf      		CODE           	23BA	0000	70

C:\Program Files\Microchip\xc8\v2.46\pic\sources\c99\common\doprnt.c estimated size: 560

C:\Program Files\Microchip\xc8\v2.46\pic\sources\c99\common\nf_sprintf.c
		_sprintf       		CODE           	2400	0000	68

C:\Program Files\Microchip\xc8\v2.46\pic\sources\c99\common\nf_sprintf.c estimated size: 68

shared
		i1_vfpfcnvrt   		CODE           	17DE	0000	482
		i1_abs         		CODE           	25B2	0000	52
		i1_putch       		CODE           	26FA	0000	2
		_figura_1      		MEDIUMCONST    	7F15	0000	8
		_figura_2      		MEDIUMCONST    	7F0D	0000	8
		_figura_3      		MEDIUMCONST    	7F05	0000	8
		_figura_4      		MEDIUMCONST    	7EFD	0000	8
		_figura_5      		MEDIUMCONST    	7EF5	0000	8
		_figura_6      		MEDIUMCONST    	7EED	0000	8
		_figura_7      		MEDIUMCONST    	7EE5	0000	8
		_figura_8      		MEDIUMCONST    	7EDD	0000	8
		_figura_9      		MEDIUMCONST    	7ED5	0000	8
		i1_vfprintf    		CODE           	2444	0000	66
		i1_Lcd_Write_Char		CODE           	2544	0000	56
		i1___awdiv     		CODE           	1D74	0000	196
		i1_Lcd_Port    		CODE           	235E	0000	92
		i1_Lcd_Cmd     		CODE           	2654	0000	32
		i1_Lcd_Clear   		CODE           	26D6	0000	14
		__initialization		CODE           	229A	0000	86
		i1___awmod     		CODE           	2060	0000	176
		i1_Lcd_Set_Cursor		CODE           	1BDC	0000	210
		i1_sprintf     		CODE           	2486	0000	64
		i1_Lcd_Write_String		CODE           	221C	0000	126
		i1_Lcd_Blink   		CODE           	26E4	0000	14
		i1_fputc       		CODE           	1EF4	0000	186

shared estimated size: 1926

C:\Program Files\Microchip\xc8\v2.46\pic\sources\c99\common\putch.c
		_putch         		CODE           	26F8	0000	2

C:\Program Files\Microchip\xc8\v2.46\pic\sources\c99\common\putch.c estimated size: 2

C:\Program Files\Microchip\xc8\v2.46\pic\sources\c99\common\Umul16.c
		___wmul        		CODE           	25E6	0000	40

C:\Program Files\Microchip\xc8\v2.46\pic\sources\c99\common\Umul16.c estimated size: 40

RGB_BCD.c
		_RGB_BCD       		CODE           	19C0	0000	318

RGB_BCD.c estimated size: 318

lcd.c
		_Lcd_Write_String		CODE           	2198	0000	132
		_Lcd_Shift_Left		CODE           	2682	0000	14
		_Lcd_Init      		CODE           	2110	0000	136
		_Lcd_CGRAM_Init		CODE           	269E	0000	14
		_Lcd_Write_Char		CODE           	2506	0000	62
		_Lcd_Blink     		CODE           	26C8	0000	14
		_Lcd_Cmd       		CODE           	260E	0000	38
		_Lcd_Shift_Right		CODE           	2674	0000	14
		_Lcd_CGRAM_Close		CODE           	26AC	0000	14
		_Lcd_NoBlink   		CODE           	26BA	0000	14
		_Lcd_Set_Cursor		CODE           	1AFE	0000	222
		_Lcd_Clear     		CODE           	2690	0000	14
		_Lcd_Port      		CODE           	22FE	0000	96
		_Lcd_CGRAM_CreateChar		CODE           	138E	0000	614

lcd.c estimated size: 1398

C:\Program Files\Microchip\xc8\v2.46\pic\sources\c99\common\abs.c
		_abs           		CODE           	257C	0000	54

C:\Program Files\Microchip\xc8\v2.46\pic\sources\c99\common\abs.c estimated size: 54

C:\Program Files\Microchip\xc8\v2.46\pic\sources\c99\common\awmod.c
		___awmod       		CODE           	1FAE	0000	178

C:\Program Files\Microchip\xc8\v2.46\pic\sources\c99\common\awmod.c estimated size: 178

Welcome.c
		_Welcome       		CODE           	0EC2	0000	1228

Welcome.c estimated size: 1228

